from,to
UGT2B7,Percept_Ori
UGT1A10,Percept_Ori
UGT2B4,Percept_Ori
UPP2,Percept_Ori
CYP2A6,Percept_Ori
UMPS,Percept_Ori
UCK2,Percept_Ori
UGT1A6,Percept_Ori
DRD3,Percept_Ori
NMBR,Percept_Ori
NPY2R,Percept_Ori
AVPR1B,Percept_Ori
PPYR1,Percept_Ori
GABRR3,Percept_Ori
GRIK5,Percept_Ori
GPR156,Percept_Ori
MC1R,Percept_Ori
LEPR,Percept_Ori
NOP9,Percept_Ori
NPFFR2,Percept_Ori
LTB4R2,Percept_Ori
LHCGR,Percept_Ori
GRM3,Percept_Ori
P2RX2,Percept_Ori
TAAR2,Percept_Ori
SCTR,Percept_Ori
GRIN2B,Percept_Ori
CHRNE,Percept_Ori
ADRB3,Percept_Ori
TRHR,Percept_Ori
KISS1R,Percept_Ori
P2RY4,Percept_Ori
CALCRL,Percept_Ori
SSTR5,Percept_Ori
RXFP4,Percept_Ori
GLP2R,Percept_Ori
HLA-DRB1,Percept_Ori
CTLA4,Percept_Ori
IFNA5,Percept_Ori
IL2,Percept_Ori
RPTOR,Percept_Ori
PRKAB2,Percept_Ori
PRKAB1,Percept_Ori
SOD1,Percept_Ori
AKT3,Percept_Ori
ADCY4,Percept_Ori
ALDH1B1,Percept_Ori
UGT2B7,Percept_Ori
UGT1A10,Percept_Ori
UGT2B4,Percept_Ori
UGP2,Percept_Ori
UGT1A6,Percept_Ori
KL,Percept_Ori
UGT2B7,Percept_Ori
ADH1A,Percept_Ori
UGT2B4,Percept_Ori
CYP2C9,Percept_Ori
CYP2A6,Percept_Ori
ALDH1A1,Percept_Ori
CYP26B1,Percept_Ori
UGT1A6,Percept_Ori
AHRR,Percept_Ori
SDR16C5,Percept_Ori
BCRP1,Percept_Ori
ABCB8,Percept_Ori
ABCA4,Percept_Ori
TH,Percept_Ori
SLC25A6,Percept_Ori
UBB,Percept_Ori
MT-ND4L,Percept_Ori
COX4I2,Percept_Ori
COX7B,Percept_Ori
UBE2J2,Percept_Ori
SLC25A31,Percept_Ori
UQCRFS1,Percept_Ori
SDHC,Percept_Ori
GNAL,Percept_Ori
MT-CO2,Percept_Ori
UQCR11,Percept_Ori
TH,Percept_Ori
HDAC11,Percept_Ori
HIST1H2AG,Percept_Ori
HIST1H4A,Percept_Ori
MAOA,Percept_Ori
HIST1H4L,Percept_Ori
HIST1H2AK,Percept_Ori
BRAF,Percept_Ori
GRIN2B,Percept_Ori
HIST1H4J,Percept_Ori
GNG8,Percept_Ori
SHC1,Percept_Ori
KRAS,Percept_Ori
HIST2H2BF,Percept_Ori
BMP8B,Percept_Ori
INHBC,Percept_Ori
TFDP1,Percept_Ori
THBS1,Percept_Ori
SMAD3,Percept_Ori
ACVR2B,Percept_Ori
INHBE,Percept_Ori
NODAL,Percept_Ori
PLA2G4A,Percept_Ori
MBOAT2,Percept_Ori
CDIPT,Percept_Ori
PLA2G15,Percept_Ori
DGKH,Percept_Ori
MBOAT7,Percept_Ori
PCYT2,Percept_Ori
PLA2G4D,Percept_Ori
PLA2G5,Percept_Ori
PCYT1B,Percept_Ori
ETNK1,Percept_Ori
TAS1R1,Percept_Ori
TAS2R3,Percept_Ori
TAS2R16,Percept_Ori
GABRA4,Percept_Ori
KCNK5,Percept_Ori
GABRA6,Percept_Ori
HTR3C,Percept_Ori
P2RX2,Percept_Ori
P2RY1,Percept_Ori
TAS2R13,Percept_Ori
HTR3E,Percept_Ori
HTR1B,Percept_Ori
P2RY4,Percept_Ori
PDE1B,Percept_Ori
TAS2R46,Percept_Ori
ADCY4,Percept_Ori
XPNPEP2,Percept_Ori
PGA5,Percept_Ori
KCNK5,Percept_Ori
PGA4,Percept_Ori
COL6A6,Percept_Ori
SLC8A1,Percept_Ori
PGA3,Percept_Ori
CPB1,Percept_Ori
ATP1A4,Percept_Ori
PLA2G4A,Percept_Ori
PTGS2,Percept_Ori
CYP2C9,Percept_Ori
PLA2G4D,Percept_Ori
PLA2G5,Percept_Ori
GBF1,Percept_Ori
GPX6,Percept_Ori
ALOX12B,Percept_Ori
PTGES3,Percept_Ori
GPX3,Percept_Ori
PRKG2,Percept_Ori
OR13C5,Percept_Ori
OR4D1,Percept_Ori
OR52K2,Percept_Ori
OR7D2,Percept_Ori
OR3A2,Percept_Ori
GUCY2D,Percept_Ori
OR2L8,Percept_Ori
OR2G6,Percept_Ori
OR5AN1,Percept_Ori
OR1D2,Percept_Ori
OR4D9,Percept_Ori
OR51I1,Percept_Ori
OR4D11,Percept_Ori
OR4F15,Percept_Ori
OR10H4,Percept_Ori
OR1E2,Percept_Ori
OR52E8,Percept_Ori
CNGB1,Percept_Ori
OR8B8,Percept_Ori
OR1F1,Percept_Ori
OR2AE1,Percept_Ori
OR56B4,Percept_Ori
OR7G1,Percept_Ori
OR6C1,Percept_Ori
OR56A4,Percept_Ori
OR5B21,Percept_Ori
OR1N2,Percept_Ori
OR1Q1,Percept_Ori
OR2B2,Percept_Ori
OR1K1,Percept_Ori
OR10J1,Percept_Ori
OR2T8,Percept_Ori
CYP7B1,Percept_Ori
CYP17A1,Percept_Ori
UGT2B7,Percept_Ori
UGT1A10,Percept_Ori
CYP11A1,Percept_Ori
AKR1C4,Percept_Ori
SRD5A1,Percept_Ori
UGT2B4,Percept_Ori
HSD17B12,Percept_Ori
UGT1A6,Percept_Ori
AHRR,Percept_Ori
CDH4,Percept_Speed
CLDN2,Percept_Speed
NRXN3,Percept_Speed
GAR1,Percept_Speed
RGS9,Percept_Speed
MT-CYB,Percept_Speed
GSK3B,Percept_Speed
GRIN2B,Percept_Speed
MAPT,Percept_Speed
PLCB1,Percept_Speed
AVPR1B,Percept_Speed
DGKK,Percept_Speed
LPAR4,Percept_Speed
AGPAT1,Percept_Speed
PLCB1,Percept_Speed
PLA2G2C,Percept_Speed
SLC9A1,Percept_Speed
ATP2B2,Percept_Speed
PLA2G1B,Percept_Speed
SCTR,Percept_Speed
GAR1,Percept_Speed
OR3A3,Percept_Speed
OR4D11,Percept_Speed
SLC8A1,Percept_Speed
OR1D4,Percept_Speed
OR51I2,Percept_Speed
CCL5,Weight
TNFSF4,Weight
PRLR,Weight
IFNW1,Weight
CD40LG,Weight
IL3RA,Weight
TNFRSF13B,Weight
IFNA7,Weight
CTF1,Weight
TNFSF15,Weight
IFNA8,Weight
FGF3,Weight
FGF19,Weight
GNG12,Weight
PRKCA,Weight
PPP2R3B,Weight
PPP2R2C,Weight
COL6A6,Weight
ANGPT4,Weight
IFNA7,Weight
LAMA1,Weight
IFNA8,Weight
GNB4,Weight
PPP2R2A,Weight
TNN,Weight
PRLR,Weight
IFNW1,Weight
IL3RA,Weight
PIAS1,Weight
IL17D,Weight
IFNA8,Weight
GCK,Weight
HSPA1L,Weight
SRF,Weight
TAOK3,Weight
FGF19,Weight
PLA2G4F,Weight
PRKACG,Weight
MST1,Weight
GNG12,Weight
NF1,Weight
PLA2G4C,Weight
RAC3,Weight
MAPK3,Weight
MAPK12,Weight
MAP2K6,Weight
MAPT,Weight
NT5E,Weight
CD1A,Weight
C8A,Weight
PRKACG,Weight
PRKCA,Weight
GNAQ,Weight
MUC2,Weight
LAMA1,Weight
PRKACG,Weight
ADCY5,Weight
PRKCA,Weight
NOS1,Weight
GNAQ,Weight
DMBT1,Weight
PRKACG,Weight
SLCO1B7,Weight
CYP7A1,Weight
ABCB11,Weight
SLC22A7,Weight
ABCC11,Weight
ABCB11,Weight
ABCA12,Weight
TOMM40L,Weight
BCL2,Weight
NOS1,Weight
MAPK12,Weight
MAP2K6,Weight
GCSH,Weight
GLDC,Weight
PPP2CB,Weight
LEFTY1,Weight
ACVR2B,Weight
MAPK3,Weight
E2F5,Weight
NOG,Weight
HTR1D,Weight
TAS1R1,Weight
PRKACG,Weight
KCNK5,Weight
GABBR1,Weight
GNAT3,Weight
SCN9A,Weight
KCNK5,Weight
COL6A6,Weight
COL9A2,Weight
CYP2E1,Weight
PLA2G4F,Weight
EPHX2,Weight
FAM213B,Weight
CYP2E1,Weight
CYP1A2,Weight
GSTA2,Weight
CYP2A6,Weight
ADH5,Weight
ADH4,Weight
ADH6,Weight
UGT1A7,Weight
UGT1A6,Weight
ALDH3B2,Weight
UGT1A9,Weight
TAT,Weight
PI4K2B,Weight
MTMR8,Weight
CD40LG,Weight
TNFRSF13B,Weight
RAG2,Weight
OR13F1,Weight
OR6Q1,Weight
OR6C2,Weight
OR5T1,Weight
OR2T6,Weight
PRKACG,Weight
OR4K15,Weight
OR6C65,Weight
CNGA4,Weight
OR52A1,Weight
OR2J2,Weight
OR8K1,Weight
OR5M1,Weight
OR13C4,Weight
OR2Y1,Weight
OR5AC2,Weight
OR9K2,Weight
OR2F2,Weight
OR10A5,Weight
OR5M10,Weight
CALML6,Weight
OR11A1,Weight
OR2B2,Weight
OR6N1,Weight
CYP2E1,Weight
CYP1A2,Weight
UGT1A6,Weight
CYP7A1,Weight
UGT1A9,Weight
OXSM,Weight
RBP2,Weight
LRAT,Weight
UGT1A7,Weight
UGT1A6,Weight
UGT1A9,Weight
UGT2B4,DBP
IMPDH1,DBP
UGT1A1,DBP
PVRL3,DBP
HLA-DRB1,DBP
CLDN2,DBP
CLDN9,DBP
ITGB7,DBP
CLDN22,DBP
GLG1,DBP
CLDN20,DBP
CD8B,DBP
MCL1,DBP
CNTFR,DBP
PIK3CA,DBP
CCND1,DBP
STAM2,DBP
EPOR,DBP
IL13,DBP
IFNA5,DBP
IFNA14,DBP
PRL,DBP
IL5RA,DBP
IFNA13,DBP
IFNA8,DBP
HDAC2,DBP
HSPA8,DBP
IGF1,DBP
EIF4EBP2,DBP
HSPA1A,DBP
CRYAB,DBP
CAT,DBP
ADCY4,DBP
ITGAM,DBP
HLA-DRB1,DBP
MARCKSL1,DBP
MAPK14,DBP
CR1,DBP
TGFB2,DBP
NCF1,DBP
HIST2H4A,DBP
HIST1H3C,DBP
HLA-DRB1,DBP
HIST1H2AC,DBP
HIST1H3A,DBP
HIST1H4B,DBP
HIST1H3D,DBP
H3F3A,DBP
HIST1H4J,DBP
HIST2H2AC,DBP
C6,DBP
HSD17B6,DBP
UGT2B4,DBP
ALDH1A1,DBP
ADH6,DBP
UGT1A1,DBP
ADH1C,DBP
ASIC1,DBP
PLCB1,DBP
IGF1,DBP
ASIC4,DBP
PRKCA,DBP
MAPK14,DBP
F2RL1,DBP
PLA2G4E,DBP
HTR2B,DBP
ADCY4,DBP
HSPA1A,DBP
ABCD4,DBP
ABCD3,DBP
ABCA8,DBP
SPR,DBP
CASP1,DBP
BAX,DBP
BAD,DBP
GRIN2C,DBP
MAPK14,DBP
BID,DBP
NOS1,DBP
CAT,DBP
SLC1A2,DBP
HDAC2,DBP
HDAC11,DBP
HIST2H4A,DBP
HIST1H3C,DBP
HIST1H3A,DBP
GNAI3,DBP
HIST1H4B,DBP
DDC,DBP
HIST1H3D,DBP
GNB3,DBP
GRIN2B,DBP
HIST1H4J,DBP
HIST2H2AC,DBP
PPP1CB,DBP
GNB4,DBP
ADORA2B,DBP
LAMA5,DBP
ITGA7,DBP
COL6A6,DBP
IBSP,DBP
ITGB7,DBP
CD36,DBP
SHMT2,DBP
ATP1B2,DBP
COL15A1,DBP
COL6A6,DBP
SAT2,DBP
SLC8A1,DBP
ACE2,DBP
SLC7A9,DBP
CELA2A,DBP
COL21A1,DBP
ALOX15,DBP
PTGES,DBP
PLA2G5,DBP
PTGES3,DBP
CYP4A11,DBP
PLA2G4E,DBP
PTGDS,DBP
GSTM1,DBP
UGT2B4,DBP
GSTA3,DBP
CYP2A13,DBP
HSD11B1,DBP
ADH6,DBP
GSTM5,DBP
SULT2A1,DBP
UGT1A1,DBP
CYP1B1,DBP
GSTA1,DBP
AKR7A3,DBP
ADH1C,DBP
CYP2F1,DBP
PLCB1,DBP
DGKI,DBP
DGKK,DBP
PRKCA,DBP
PLCD3,DBP
PTEN,DBP
PIK3R2,DBP
PDXK,DBP
HSD17B6,DBP
UGT2B4,DBP
AKR1C3,DBP
UGT1A1,DBP
AKR1D1,DBP
CYP1B1,DBP
PNLIP,DBP
PLA2G5,DBP
AGPAT1,DBP
LIPA,DBP
CD36,DBP
CEL,DBP
MGAT3,DBP
P2RY13,HDL
LPAR2,HDL
DRD4,HDL
LPAR4,HDL
TACR2,HDL
MC4R,HDL
F2RL1,HDL
CHRNA1,HDL
LHB,HDL
PTGIR,HDL
RXFP3,HDL
OXTR,HDL
IFNA1,HDL
HLA-G,HDL
IFNA10,HDL
IFNA5,HDL
HLA-DOB,HDL
IFNA7,HDL
IFNA8,HDL
GUCA1C,HDL
GAR1,HDL
GNAT2,HDL
CALM3,HDL
GNGT1,HDL
CALML6,HDL
GUCA1A,HDL
IDNK,HDL
PRPS2,HDL
TKTL1,HDL
PGD,HDL
G6PD,HDL
TIMP1,HDL
ERBB2,HDL
C8A,HDL
HIST1H2BB,HDL
HIST1H2AH,HDL
HIST2H2AA4,HDL
H2BFM,HDL
H2AFY2,HDL
HIST1H2AE,HDL
C1R,HDL
HLA-DOB,HDL
ELANE,HDL
HIST1H4J,HDL
HIST2H2AB,HDL
HIST1H2BD,HDL
RDH11,HDL
RPE65,HDL
UGT2B4,HDL
ADH4,HDL
BCMO1,HDL
RDH5,HDL
ALDH1A2,HDL
AHRR,HDL
CYP3A5,HDL
SLC22A1,HDL
UGT2B4,HDL
FH,HDL
SLC10A1,HDL
AQP1,HDL
ABCC3,HDL
CFTR,HDL
NDUFS6,HDL
MT-CO3,HDL
NDUFA10,HDL
SLC18A1,HDL
NDUFA11,HDL
NDUFB5,HDL
MT-CO2,HDL
UQCR10,HDL
PPP3R2,HDL
PPP3R1,HDL
PDYN,HDL
HIST1H4D,HDL
HIST1H2BB,HDL
SLC6A3,HDL
HIST1H2AH,HDL
HIST2H2AA4,HDL
H2BFM,HDL
H2AFY2,HDL
HIST1H2AE,HDL
HDAC8,HDL
SLC18A1,HDL
GNGT1,HDL
CALML6,HDL
HIST1H4J,HDL
HIST2H2AB,HDL
PPCDC,HDL
COASY,HDL
BCAT1,HDL
UXS1,HDL
UGT2B7,HDL
UGT2B4,HDL
GBE1,HDL
GK,HDL
TBP,HDL
DNAH7,HDL
NDUFA10,HDL
BBC3,HDL
NRF1,HDL
CLTB,HDL
DNAH12,HDL
NDUFA11,HDL
NDUFA1,HDL
SOD2,HDL
DNAH5,HDL
MT-CO2,HDL
ATP5E,HDL
UQCR10,HDL
INHBE,HDL
E2F5,HDL
ID2,HDL
UGT2B4,HDL
ADH7,HDL
GSTA4,HDL
ADH4,HDL
CBR3,HDL
GSTO1,HDL
GSTO2,HDL
AHRR,HDL
CYP3A5,HDL
UGT2B7,HDL
UGT2B4,HDL
ADH7,HDL
GSTA4,HDL
ADH4,HDL
CYP3A5,HDL
COQ6,HDL
HPD,HDL
CYP2E1,HDL
PLA2G4F,HDL
PLA2G4D,HDL
PLA2G2A,HDL
PLA2G10,HDL
PLA2G4C,HDL
PLB1,HDL
OR2D2,HDL
OR5W2,HDL
GAR1,HDL
OR8D2,HDL
OR5M1,HDL
OR56A1,HDL
OR8I2,HDL
OR1E2,HDL
OR52E6,HDL
OR13C2,HDL
OR6B3,HDL
CYP2E1,HDL
CYP17A1,HDL
UGT2B7,HDL
CYP11A1,HDL
UGT2B4,HDL
SRD5A3,HDL
AHRR,HDL
CYP3A5,HDL
HPCA,HDL
GABRE,HDL
GABRB1,HDL
CACNA1A,HDL
SLC17A8,HDL
AMH,HDLratio
WNT7B,HDLratio
IGF1,HDLratio
PPP2R3B,HDLratio
CREB3L1,HDLratio
IGF1,HDLratio
CREB3L1,HDLratio
EHMT2,HDLratio
JMJD7-PLA2G4B,HDLratio
DGKZ,HDLratio
FCER1A,HDLratio
HIST1H3C,HDLratio
GRIN2D,HDLratio
HIST1H4E,HDLratio
CALML6,HDLratio
CREB3L1,HDLratio
GRIN2D,HDLratio
UPP1,SBP
CES2,SBP
ITPA,SBP
GPR50,SBP
GPR83,SBP
CHRM3,SBP
TAAR1,SBP
GRIN3B,SBP
MC5R,SBP
TAAR6,SBP
GRIK1,SBP
ADRB3,SBP
PRSS1,SBP
GPR26,SBP
WNT8A,SBP
CALM2,SBP
GAR1,SBP
GNAT1,SBP
CALML6,SBP
ALDH1A2,SBP
GRIN3B,SBP
HIST1H2AB,SBP
HRAS,SBP
HIST1H2AK,SBP
HIST1H4C,SBP
GNG8,SBP
COL13A1,SBP
PGA4,SBP
SLC8A1,SBP
COL10A1,SBP
COL7A1,SBP
COL17A1,SBP
CPA3,SBP
CYP17A1,SBP
HSD11B2,SBP
CYP11B1,SBP
CYP11B2,SBP
SRD5A3,SBP
SULT2B1,SBP
SLC19A2,SBP
CDH15,MMSE
JAM2,MMSE
NTNG1,MMSE
PVRL3,MMSE
ITGAM,MMSE
PTPRF,MMSE
MPZ,MMSE
CLDN17,MMSE
CLDN22,MMSE
CD8A,MMSE
CLDN1,MMSE
HLA-DOB,MMSE
SELP,MMSE
LAMC2,MMSE
PRLR,MMSE
BCL2L11,MMSE
CASP9,MMSE
COL9A3,MMSE
LAMB4,MMSE
FGF6,MMSE
IL7,MMSE
MYB,MMSE
THBS1,MMSE
COL6A6,MMSE
RAC1,MMSE
TCL1B,MMSE
PRKAA2,MMSE
AKT3,MMSE
IL2,MMSE
G6PC2,MMSE
CSF3R,MMSE
PRLR,MMSE
IFNGR2,MMSE
IL7,MMSE
IL12B,MMSE
IL5RA,MMSE
IL28B,MMSE
AKT3,MMSE
IL2,MMSE
HLA-DOB,MMSE
IL2,MMSE
CD86,MMSE
GUCA1C,MMSE
GUCY2D,MMSE
SLC24A1,MMSE
GNAT1,MMSE
CNGB1,MMSE
CNGA1,MMSE
UGT1A8,MMSE
RPE,MMSE
UGT1A9,MMSE
HLA-DOB,MMSE
IL12B,MMSE
IL2,MMSE
CD86,MMSE
HIST2H3D,MMSE
HIST1H4A,MMSE
SNRPD3,MMSE
HIST1H2BL,MMSE
C1R,MMSE
GRIN2A,MMSE
C9,MMSE
SSB,MMSE
HLA-DOB,MMSE
HIST1H2BK,MMSE
HIST1H4C,MMSE
ACTN4,MMSE
HIST1H2BA,MMSE
HIST1H2BH,MMSE
CYP26C1,MMSE
UGT2A1,MMSE
ALDH1A1,MMSE
UGT1A8,MMSE
SDR16C5,MMSE
UGT1A9,MMSE
CD40,MMSE
MAP3K14,MMSE
DTL,MMSE
TRAF5,MMSE
SLK,MMSE
C9,MMSE
PDE3A,MMSE
PDE7A,MMSE
PDE4C,MMSE
GABBR2,MMSE
PDE8B,MMSE
ADCY1,MMSE
SLC25A6,MMSE
NDUFA10,MMSE
CASP9,MMSE
MT-ND4L,MMSE
COX4I2,MMSE
MT-ND3,MMSE
HTRA2,MMSE
NDUFS5,MMSE
COX5A,MMSE
LRRK2,MMSE
GNAL,MMSE
ATP5E,MMSE
ATP5G1,MMSE
SLC18A2,MMSE
ATP5J,MMSE
CAMKK2,MMSE
HDAC11,MMSE
HIST2H3D,MMSE
HIST1H4A,MMSE
HIST2H2BE,MMSE
HIST1H2BK,MMSE
HIST1H4C,MMSE
HIST1H2BA,MMSE
SLC18A2,MMSE
THBS1,MMSE
SMAD3,MMSE
NODAL,MMSE
TAS2R31,MMSE
TAS2R9,MMSE
SCN3A,MMSE
ASIC2,MMSE
KCNK5,MMSE
GABRA6,MMSE
GABBR2,MMSE
GNAT3,MMSE
TAS1R2,MMSE
P2RX2,MMSE
HTR3E,MMSE
ATP1B1,MMSE
CABP1,MMSE
SLC9A3,MMSE
ATP1A1,MMSE
SLC26A3,MMSE
FTL,MMSE
ATP2B1,MMSE
GSTA4,MMSE
GSTM5,MMSE
C9,MMSE
CYP1B1,MMSE
UGT1A8,MMSE
UGT1A9,MMSE
GSTA4,MMSE
GSTM5,MMSE
UGT1A8,MMSE
UGT1A9,MMSE
COQ7,MMSE
COQ2,MMSE
COQ3,MMSE
OR2H2,MMSE
OR52M1,MMSE
OR10AG1,MMSE
OR6C2,MMSE
OR51L1,MMSE
OR3A2,MMSE
OR2AG2,MMSE
OR2T27,MMSE
OR4F15,MMSE
OR6A2,MMSE
OR4L1,MMSE
OR2D3,MMSE
CNGB1,MMSE
OR1F1,MMSE
GNAL,MMSE
OR7G1,MMSE
OR56B1,MMSE
OR2T4,MMSE
OR5H1,MMSE
OR2B2,MMSE
OR1M1,MMSE
OR10J1,MMSE
CYP11B1,MMSE
SRD5A1,MMSE
UGT2A1,MMSE
SRD5A3,MMSE
C9,MMSE
CYP1B1,MMSE
UGT1A8,MMSE
UGT1A9,MMSE
GLRA2,BMI
PRLR,BMI
CSH2,BMI
TAAR1,BMI
NPBWR1,BMI
PTGER3,BMI
MC1R,BMI
LHCGR,BMI
LPAR3,BMI
SCTR,BMI
RXFP2,BMI
ADRB3,BMI
TACR3,BMI
NMUR2,BMI
NPY5R,BMI
NTSR2,BMI
HTR2B,BMI
PLCB1,BMI
GAST,BMI
KCNJ2,BMI
KCNK10,BMI
PRKCA,BMI
MYLK2,BMI
GNAQ,BMI
ADCY4,BMI
IL12A,BMI
CXCL14,BMI
IFNA16,BMI
CNTFR,BMI
TNFSF13,BMI
PRLR,BMI
IFNK,BMI
IL22,BMI
CCL21,BMI
IL23A,BMI
CCL27,BMI
FAS,BMI
TNFRSF19,BMI
CRLF2,BMI
IL11RA,BMI
IFNGR1,BMI
IL5,BMI
BMP2,BMI
CCR2,BMI
ACVR2B,BMI
IL19,BMI
CXCL12,BMI
CCL24,BMI
TNFSF10,BMI
IFNA16,BMI
PRLR,BMI
CSH2,BMI
PPP2R3B,BMI
COL9A3,BMI
ITGA7,BMI
MYB,BMI
IFNA4,BMI
FGF7,BMI
PDPK2,BMI
IBSP,BMI
TCL1B,BMI
MAPK3,BMI
LPAR3,BMI
PPP2R1A,BMI
IL12A,BMI
IFNA16,BMI
PRLR,BMI
IFNK,BMI
IL22,BMI
CSH2,BMI
IFNA4,BMI
CRLF2,BMI
IFNGR1,BMI
IL5,BMI
IL19,BMI
IL17D,BMI
LDHB,BMI
HKDC1,BMI
PGK2,BMI
IL12A,BMI
FAS,BMI
IL5,BMI
PRF1,BMI
IL2,BMI
HIST1H3C,BMI
HIST2H3D,BMI
HIST1H2BM,BMI
HIST1H4F,BMI
HIST1H2BC,BMI
HIST1H3H,BMI
HIST1H2AD,BMI
H3F3C,BMI
HIST1H2AI,BMI
HIST2H2AC,BMI
HIST1H3G,BMI
HSD17B6,BMI
RDH8,BMI
CYP2C9,BMI
CYP2A6,BMI
AWAT2,BMI
DHRS9,BMI
UGT1A1,BMI
CASP8,BMI
CASP3,BMI
CASP9,BMI
COX4I2,BMI
PLCB4,BMI
FAS,BMI
GRIN2C,BMI
SDHC,BMI
MAPK3,BMI
NDUFB5,BMI
NAE1,BMI
SDHA,BMI
PLA2G4A,BMI
PDGFC,BMI
DGKI,BMI
PRKCA,BMI
AGPAT5,BMI
AGPAT1,BMI
HRAS,BMI
PLA2G4C,BMI
LPAR3,BMI
ADCY4,BMI
TH,BMI
POR,BMI
CASP3,BMI
UBA7,BMI
CASP9,BMI
COX4I2,BMI
SDHC,BMI
GNAL,BMI
NDUFB5,BMI
SDHA,BMI
FPGT,BMI
AMDHD2,BMI
HKDC1,BMI
CHIA,BMI
GALT,BMI
GALE,BMI
PMM2,BMI
HEXB,BMI
GMDS,BMI
COL9A1,BMI
SLC16A10,BMI
COL9A3,BMI
SLC9A3,BMI
COL24A1,BMI
SLC8A1,BMI
ACE2,BMI
CPB1,BMI
COL17A1,BMI
CYP2C9,BMI
GSTA3,BMI
CYP2A6,BMI
CYP2A13,BMI
CBR1,BMI
UGT1A1,BMI
GSTO2,BMI
MAL,BMI
CD8A,BMI
CD8B,BMI
OR2L2,BMI
OR2H1,BMI
OR8A1,BMI
OR10Q1,BMI
OR51E1,BMI
OR6C2,BMI
OR10G4,BMI
OR2K2,BMI
OR5B2,BMI
OR5AN1,BMI
OR3A3,BMI
OR6B2,BMI
OR2AK2,BMI
OR10S1,BMI
OR6S1,BMI
OR6A2,BMI
OR7A10,BMI
OR4A16,BMI
OR5AR1,BMI
OR5M3,BMI
OR4K17,BMI
OR13C3,BMI
OR51I2,BMI
OR52R1,BMI
OR2B2,BMI
OR2T8,BMI
ALDH7A1,BMI
UGT1A1,BMI
HSD17B6,BMI
CYP11A1,BMI
HSD17B8,BMI
AKR1C3,BMI
UGT1A1,BMI
HSD3B2,BMI
SLC46A1,BMI
SLC19A2,BMI
AWAT2,BMI
FOLH1,BMI
SLC19A1,BMI
SLC5A6,BMI
LMBRD1,BMI
PLCB1,Semantic_Memory
MAPK14,Semantic_Memory
MAPK12,Semantic_Memory
IL1RAP,Semantic_Memory
PLCB1,Semantic_Memory
NDUFA7,Semantic_Memory
NAE1,Semantic_Memory
NRAS,Semantic_Memory
KDR,Semantic_Memory
MAPK14,Semantic_Memory
MAPK12,Semantic_Memory
MGA,Semantic_Memory
UGT2B17,Semantic_Memory
UGT1A1,Semantic_Memory
GBA3,Semantic_Memory
TAS2R3,Semantic_Memory
TAS2R10,Semantic_Memory
HTR3C,Semantic_Memory
GNB3,Semantic_Memory
SCN2A,Semantic_Memory
ADCY4,Semantic_Memory
OR13C5,Semantic_Memory
OR10G7,Semantic_Memory
OR6P1,Semantic_Memory
OR8S1,Semantic_Memory
OR2G3,Semantic_Memory
OR4A47,Semantic_Memory
OR8G1,Semantic_Memory
OR4D11,Semantic_Memory
OR10K1,Semantic_Memory
OR5AK2,Semantic_Memory
OR13C9,Semantic_Memory
CALCR,Working_Memory
NMBR,Working_Memory
BRS3,Working_Memory
PPYR1,Working_Memory
TACR2,Working_Memory
AGTR2,Working_Memory
PTGER1,Working_Memory
LPAR6,Working_Memory
CSH1,Working_Memory
NPFFR2,Working_Memory
GHSR,Working_Memory
PRL,Working_Memory
HTR1B,Working_Memory
GRID1,Working_Memory
CHRNA2,Working_Memory
SSTR5,Working_Memory
IFNA1,Working_Memory
IFNA17,Working_Memory
COL6A3,Working_Memory
MTCP1,Working_Memory
CREB3L1,Working_Memory
COL4A4,Working_Memory
LPAR6,Working_Memory
CSH1,Working_Memory
EIF4E2,Working_Memory
EGF,Working_Memory
PRL,Working_Memory
PPP2R5C,Working_Memory
WNT10A,Working_Memory
GDF7,Working_Memory
FZD4,Working_Memory
AREG,Working_Memory
AKR1D1,Working_Memory
CYP46A1,Working_Memory
AMACR,Working_Memory
PLCB1,Working_Memory
PRKCG,Working_Memory
PRKACG,Working_Memory
COL4A4,Working_Memory
SERPINB4,Working_Memory
PRKCG,Working_Memory
PRKACG,Working_Memory
IL1RAP,Working_Memory
PLA2G4E,Working_Memory
ADCY7,Working_Memory
PRKACG,Working_Memory
SOD1,Working_Memory
C6,Working_Memory
PRKACG,Working_Memory
SHH,Working_Memory
PLCB1,Working_Memory
CFD,Working_Memory
IPPK,Working_Memory
PIK3C2G,Working_Memory
ALDH3A2,Working_Memory
UGT2B4,Working_Memory
UGT1A6,Working_Memory
SRD5A1,Working_Memory
UGT2B4,Working_Memory
UGT1A6,Working_Memory
AKR1D1,Working_Memory
AHRR,Working_Memory
RPS6KB1,CHL
FGF3,CHL
BCL2L11,CHL
COL6A3,CHL
ITGB3,CHL
ITGA9,CHL
COL6A1,CHL
CREB3L1,CHL
AVP,CHL
PDGFB,CHL
IFNA5,CHL
IFNA6,CHL
NGFR,CHL
TCL1A,CHL
FASLG,CHL
IL2RA,CHL
COL4A2,CHL
CHAD,CHL
G6PC,CHL
PIK3CG,CHL
AVP,CHL
IL28A,CHL
CSH1,CHL
IL5,CHL
IFNE,CHL
PIAS3,CHL
IFNA5,CHL
IL23R,CHL
IFNA6,CHL
IFNA14,CHL
PIK3R2,CHL
IL2RA,CHL
FBP1,CHL
RPS6KB1,CHL
PPARG,CHL
CREB3L1,CHL
ADIPOQ,CHL
CPT1C,CHL
PPP2R2D,CHL
G6PC,CHL
PIK3CG,CHL
RPS6KB1,CHL
MIF,CHL
NDUFA13,LDL
DRD2,LDL
NDUFA11,LDL
NDUFS5,LDL
