from	to
UPP2	Hypertension
UMPS	Hypertension
UGT1A7	Hypertension
RARA	Hypertension
PBX1	Hypertension
FUT8	Hypertension
HIST1H3C	Hypertension
IGF1	Hypertension
CDKN1B	Hypertension
HIST1H3A	Hypertension
HIST2H3C	Hypertension
HIST2H3A	Hypertension
ATM	Hypertension
ZEB1	Hypertension
NTRK1	Hypertension
TP53	Hypertension
GABRA2	Hypertension
GRIN1	Hypertension
NPFFR1	Hypertension
TAAR1	Hypertension
LTB4R	Hypertension
GRPR	Hypertension
PTGER3	Hypertension
PTGER1	Hypertension
TAAR5	Hypertension
TAAR8	Hypertension
TAAR6	Hypertension
HTR2A	Hypertension
GHRHR	Hypertension
UTS2R	Hypertension
SCTR	Hypertension
NMUR1	Hypertension
GLRA3	Hypertension
CALCRL	Hypertension
P2RX3	Hypertension
HTR2B	Hypertension
ONECUT1	Hypertension
ACVR1C	Hypertension
BMI1	Hypertension
WNT9B	Hypertension
DUSP9	Hypertension
KAT6A	Hypertension
SMAD3	Hypertension
WNT8A	Hypertension
NODAL	Hypertension
AKT3	Hypertension
IGF1R	Hypertension
SMAD4	Hypertension
PVRL3	Hypertension
ITGB8	Hypertension
CLDN17	Hypertension
ALCAM	Hypertension
CLDN20	Hypertension
CLDN8	Hypertension
ITGA4	Hypertension
GNAI1	Hypertension
PTPN11	Hypertension
TXK	Hypertension
ROCK2	Hypertension
PRKCA	Hypertension
MMP2	Hypertension
CTNNA1	Hypertension
CLDN20	Hypertension
CLDN8	Hypertension
ITGA4	Hypertension
CXCL12	Hypertension
EIF2AK2	Hypertension
TLR3	Hypertension
PIAS1	Hypertension
BRAF	Hypertension
CLDN20	Hypertension
AKT3	Hypertension
CLDN8	Hypertension
TP53	Hypertension
XCL1	Hypertension
CCL28	Hypertension
CCL3L1	Hypertension
TNFSF4	Hypertension
EDAR	Hypertension
TNFRSF18	Hypertension
IL4	Hypertension
KDR	Hypertension
IL10	Hypertension
LTB	Hypertension
CCRL1	Hypertension
BMP2	Hypertension
IL18R1	Hypertension
IFNA14	Hypertension
CCR3	Hypertension
IL1RAP	Hypertension
CXCL12	Hypertension
IL20RA	Hypertension
FGF20	Hypertension
EIF4E	Hypertension
LAMA4	Hypertension
PDGFD	Hypertension
IL4	Hypertension
COL4A1	Hypertension
COL9A3	Hypertension
PKN1	Hypertension
ITGB8	Hypertension
ITGA2	Hypertension
COL4A3	Hypertension
CREB3L3	Hypertension
TCL1B	Hypertension
TNR	Hypertension
ITGA4	Hypertension
IGF1R	Hypertension
TP53	Hypertension
STAT1	Hypertension
IL13RA2	Hypertension
PTPN11	Hypertension
IL4	Hypertension
IL10	Hypertension
PIAS1	Hypertension
STAT5A	Hypertension
JAK1	Hypertension
AKT3	Hypertension
IL29	Hypertension
IL20RA	Hypertension
SLK	Hypertension
PRKCA	Hypertension
CD244	Hypertension
BRAF	Hypertension
TNFSF10	Hypertension
EIF2AK2	Hypertension
PTPN11	Hypertension
SRSF1	Hypertension
SRPK1	Hypertension
TLR3	Hypertension
TP53	Hypertension
IL4	Hypertension
IL10	Hypertension
STAT1	Hypertension
FGF20	Hypertension
CBLC	Hypertension
COL4A1	Hypertension
PRKCA	Hypertension
CDKN1B	Hypertension
ARHGEF12	Hypertension
ITGA2	Hypertension
COL4A3	Hypertension
PTGER3	Hypertension
SMAD3	Hypertension
RUNX1T1	Hypertension
WNT8A	Hypertension
LAMA2	Hypertension
STAT5A	Hypertension
AR	Hypertension
GNG4	Hypertension
AKT3	Hypertension
NTRK1	Hypertension
CDKN2A	Hypertension
TP53	Hypertension
PLCB1	Hypertension
IK	Hypertension
PRKCA	Hypertension
CREB3L3	Hypertension
FGF20	Hypertension
PDGFD	Hypertension
ROCK2	Hypertension
ITGB3	Hypertension
MYLK2	Hypertension
ITGB8	Hypertension
ITGA2	Hypertension
ITGA4	Hypertension
ABI2	Hypertension
MYLK3	Hypertension
DIAPH2	Hypertension
IL4	Hypertension
IL10	Hypertension
MS4A1	Hypertension
PDE1C	Hypertension
PDE7B	Hypertension
GUCY1A2	Hypertension
NT5C1A	Hypertension
POLR2L	Hypertension
GUCY2D	Hypertension
PDE11A	Hypertension
PDE4C	Hypertension
AMPD3	Hypertension
POLD2	Hypertension
PDE8B	Hypertension
AK8	Hypertension
NT5C3L	Hypertension
U3	Hypertension
SNORD3C	Hypertension
PWP2	Hypertension
SPATA5	Hypertension
RIOK2	Hypertension
RBM28	Hypertension
XRN1	Hypertension
U3	Hypertension
SNORD3C	Hypertension
RGPD5	Hypertension
EIF4E	Hypertension
RPP38	Hypertension
RPP14	Hypertension
MAGOHB	Hypertension
TPR	Hypertension
NUP160	Hypertension
SENP2	Hypertension
EIF1AX	Hypertension
EIF4B	Hypertension
SMC1A	Hypertension
FBXO43	Hypertension
CALM1	Hypertension
SPDYC	Hypertension
PTTG2	Hypertension
AR	Hypertension
ANAPC11	Hypertension
ADH1A	Hypertension
PGAM1	Hypertension
HLA-DQA2	Hypertension
HLA-DRB5	Hypertension
HIST1H4K	Hypertension
HIST1H3C	Hypertension
HIST1H2BJ	Hypertension
C8G	Hypertension
HIST2H2AA4	Hypertension
HIST1H2AE	Hypertension
HIST1H2AM	Hypertension
HIST2H3C	Hypertension
IL10	Hypertension
HIST1H2BO	Hypertension
HIST1H2BN	Hypertension
HIST2H3A	Hypertension
C9	Hypertension
HLA-DRB5	Hypertension
H2AFV	Hypertension
ADH7	Hypertension
AWAT2	Hypertension
ADH4	Hypertension
ALDH1A1	Hypertension
UGT1A7	Hypertension
AHRR	Hypertension
IL10	Hypertension
CD36	Hypertension
FCER2	Hypertension
IL4	Hypertension
ITGB3	Hypertension
ITGA2	Hypertension
GP1BB	Hypertension
CD36	Hypertension
ITGA4	Hypertension
MS4A1	Hypertension
PLCB1	Hypertension
TRPV4	Hypertension
PRKCA	Hypertension
TRPA1	Hypertension
ASIC3	Hypertension
CALM1	Hypertension
NTRK1	Hypertension
HTR2B	Hypertension
PRKG2	Hypertension
GUCY1A2	Hypertension
MUC5B	Hypertension
PLCB1	Hypertension
IK	Hypertension
PRKCA	Hypertension
CALM1	Hypertension
SLC12A2	Hypertension
ADRB3	Hypertension
PLCB1	Hypertension
PLA2G2F	Hypertension
PRKCA	Hypertension
SLC12A2	Hypertension
SCTR	Hypertension
SLC26A3	Hypertension
CELA2A	Hypertension
SULT2A1	Hypertension
SCTR	Hypertension
STAT1	Hypertension
SOCS7	Hypertension
STAT5A	Hypertension
AKT3	Hypertension
ELF5	Hypertension
NDUFS8	Hypertension
GNAL	Hypertension
NDUFS1	Hypertension
MT-ND6	Hypertension
PLCB1	Hypertension
PRKCA	Hypertension
GNG4	Hypertension
KCNJ6	Hypertension
HTR1A	Hypertension
HTR2B	Hypertension
HIST1H4K	Hypertension
HIST1H3C	Hypertension
HIST1H2BJ	Hypertension
HIST2H2AA4	Hypertension
HDAC9	Hypertension
HIST1H2AE	Hypertension
HIST1H2AM	Hypertension
HIST2H3C	Hypertension
HIST1H2BO	Hypertension
HIST1H2BN	Hypertension
HIST2H3A	Hypertension
CREB3L3	Hypertension
HDAC6	Hypertension
GNG4	Hypertension
HIST1H2AD	Hypertension
GNB4	Hypertension
H2AFV	Hypertension
GSTA2	Hypertension
TXNDC12	Hypertension
GSTM5	Hypertension
MGA	Hypertension
UGT1A7	Hypertension
C8G	Hypertension
F9	Hypertension
F2R	Hypertension
C9	Hypertension
FGG	Hypertension
TAS2R7	Hypertension
TAS2R9	Hypertension
GABRA2	Hypertension
TAS2R41	Hypertension
SCNN1B	Hypertension
TAS1R2	Hypertension
TAS2R14	Hypertension
P2RY4	Hypertension
HTR1A	Hypertension
P2RX3	Hypertension
TAS2R46	Hypertension
LAMA4	Hypertension
ITGA3	Hypertension
COL4A1	Hypertension
COL9A3	Hypertension
RELN	Hypertension
ITGB8	Hypertension
COL4A3	Hypertension
HMMR	Hypertension
GP1BB	Hypertension
CD36	Hypertension
TNR	Hypertension
ITGA4	Hypertension
COL4A1	Hypertension
IK	Hypertension
COL15A1	Hypertension
COL4A3	Hypertension
ACE2	Hypertension
COL5A1	Hypertension
COL7A1	Hypertension
CELA2A	Hypertension
COL17A1	Hypertension
PLA2G2F	Hypertension
PLA2G5	Hypertension
PLA2G2F	Hypertension
PLA2G5	Hypertension
PLA2G12A	Hypertension
OR51E2	Hypertension
OR5C1	Hypertension
OR51E1	Hypertension
OR10G7	Hypertension
OR2M7	Hypertension
OR14C36	Hypertension
OR8B2	Hypertension
OR1J4	Hypertension
SLC24A2	Hypertension
GUCY2D	Hypertension
OR5V1	Hypertension
OR10G8	Hypertension
OR5H15	Hypertension
OR52A1	Hypertension
OR52B4	Hypertension
OR13C4	Hypertension
OR52E4	Hypertension
OR2AE1	Hypertension
OR1A2	Hypertension
CYP7B1	Hypertension
CPS1	Hypertension
UGT1A7	Hypertension
C9	Hypertension
PBX1	Diabete
IGF1	Diabete
UTY	Diabete
DUSP6	Diabete
MDM2	Diabete
CCR7	Diabete
HOXA9	Diabete
DRD3	Diabete
LPAR1	Diabete
GRPR	Diabete
NPBWR1	Diabete
CHRND	Diabete
MAS1	Diabete
ADRB3	Diabete
FSHB	Diabete
GABRG1	Diabete
PDCD1	Diabete
SDC4	Diabete
NLGN4Y	Diabete
PDGFC	Diabete
CCL25	Diabete
CCL4L1	Diabete
CCL16	Diabete
EPOR	Diabete
CCL18	Diabete
IL19	Diabete
CCL3L3	Diabete
CCR7	Diabete
IFNA14	Diabete
XCL2	Diabete
IFNA8	Diabete
FGF3	Diabete
NGF	Diabete
IGF1	Diabete
PPP2R3B	Diabete
MDM2	Diabete
NR4A1	Diabete
IFNA8	Diabete
EIF4B	Diabete
FGF3	Diabete
PRKACG	Diabete
CASP3	Diabete
PTGS2	Diabete
ARHGEF12	Diabete
PTGER1	Diabete
SMO	Diabete
ARNT	Diabete
MS4A2	Diabete
PSAP	Diabete
ATP6V0A4	Diabete
PIK3C3	Diabete
PRKACG	Diabete
HIST1H4D	Diabete
CASP3	Diabete
HIST1H4F	Diabete
GTF2A1	Diabete
EGR2	Diabete
HIST1H4D	Diabete
HIST1H4F	Diabete
HIST1H2AD	Diabete
ADCY2	Diabete
PRKACG	Diabete
CALM1	Diabete
TRPV6	Diabete
SLC12A2	Diabete
ADRB3	Diabete
CST1	Diabete
PRKACG	Diabete
SLCO1B1	Diabete
HIST1H4D	Diabete
FOSB	Diabete
HIST1H4F	Diabete
CALM1	Diabete
HIST1H2AD	Diabete
CASP3	Diabete
POLR2J2	Diabete
MT-CO1	Diabete
SDHC	Diabete
NDUFB5	Diabete
TAS2R7	Diabete
TAS2R30	Diabete
PRKACG	Diabete
GABRA2	Diabete
TAS2R16	Diabete
MGAM	Diabete
HKDC1	Diabete
SLC2A2	Diabete
AMY2A	Diabete
SLC3A1	Diabete
COL17A1	Diabete
PTGS2	Diabete
GSTM4	Diabete
CYP2A6	Diabete
ALDH3B2	Diabete
ARNT	Diabete
ALDH4A1	Diabete
SMO	Diabete
AZI2	Diabete
P4HA3	Diabete
OR2D2	Diabete
OR8J3	Diabete
OR5K4	Diabete
OR8A1	Diabete
OR6F1	Diabete
OR1I1	Diabete
OR6C2	Diabete
OR2AT4	Diabete
PRKACG	Diabete
OR10G4	Diabete
OR4K14	Diabete
OR51A4	Diabete
OR51G2	Diabete
OR5A1	Diabete
OR5M9	Diabete
OR1D2	Diabete
OR2T11	Diabete
OR5M1	Diabete
CALM1	Diabete
OR2V1	Diabete
OR2D3	Diabete
OR52E6	Diabete
OR51I2	Diabete
OR5B21	Diabete
OR1N1	Diabete
OR51B6	Diabete
PML	Lewy
NFKB1	Lewy
CEBPE	Lewy
MYCN	Lewy
PAX5	Lewy
TLX3	Lewy
SUPT3H	Lewy
AFF1	Lewy
TMPRSS2	Lewy
F2RL2	Lewy
F2RL3	Lewy
MTNR1B	Lewy
CTSG	Lewy
GLRA1	Lewy
GABRQ	Lewy
P2RX2	Lewy
S1PR3	Lewy
MC2R	Lewy
P2RY14	Lewy
IFNA16	Lewy
FLT3	Lewy
TNFRSF11B	Lewy
CXCL11	Lewy
CCL14	Lewy
CCL18	Lewy
PF4	Lewy
IL19	Lewy
IL6	Lewy
TNFSF15	Lewy
IL15	Lewy
CXCR4	Lewy
TNFRSF9	Lewy
IFNA16	Lewy
GNG10	Lewy
CDK2	Lewy
IFNA17	Lewy
FGF3	Lewy
NFKB1	Lewy
ITGB3	Lewy
NOS3	Lewy
IL7	Lewy
PIK3CD	Lewy
MLST8	Lewy
GNG13	Lewy
IL22RA2	Lewy
IFNA16	Lewy
CISH	Lewy
IFNA17	Lewy
IL7	Lewy
PIK3CD	Lewy
OSMR	Lewy
IL19	Lewy
PIK3R2	Lewy
IL15	Lewy
IL15RA	Lewy
IFNA16	Lewy
IFNA17	Lewy
IFNGR2	Lewy
PPP3CC	Lewy
RAET1G	Lewy
PIK3CD	Lewy
LCP2	Lewy
ULBP2	Lewy
TNFSF10	Lewy
GUCY2F	Lewy
GAR1	Lewy
CDK2	Lewy
CDC26	Lewy
MAPK3	Lewy
AR	Lewy
CDC20	Lewy
TUBA3C	Lewy
ITGB3	Lewy
CLEC4M	Lewy
TAP1	Lewy
MBL2	Lewy
CD209	Lewy
ATP6V1E2	Lewy
HLA-DRB5	Lewy
TUBB1	Lewy
CTSG	Lewy
TRIM21	Lewy
ACTN3	Lewy
C9	Lewy
HLA-DRB5	Lewy
CYP26C1	Lewy
RDH8	Lewy
CYP1A1	Lewy
UGT1A3	Lewy
RDH10	Lewy
UGT1A4	Lewy
ADH4	Lewy
UGT2B11	Lewy
CPA6	Lewy
UGT2B10	Lewy
NFKB1	Lewy
CTSG	Lewy
FN1	Lewy
PIK3CD	Lewy
ACTN3	Lewy
C9	Lewy
SERPINB10	Lewy
GNA14	Lewy
SERPINB1	Lewy
ATP1B3	Lewy
ATP2B4	Lewy
PNLIP	Lewy
KCNQ1	Lewy
PLA2G2C	Lewy
RAB3D	Lewy
PLA2G12A	Lewy
CELA3A	Lewy
ATP1B4	Lewy
GNG10	Lewy
VAT1	Lewy
ADORA2A	Lewy
PFKP	Lewy
LALBA	Lewy
AR	Lewy
PNLIP	Lewy
AGPAT6	Lewy
GK2	Lewy
LIPG	Lewy
AR	Lewy
AKR1B1	Lewy
TAS1R1	Lewy
HTR3C	Lewy
HTR3D	Lewy
P2RX2	Lewy
FN1	Lewy
ITGA10	Lewy
ITGB3	Lewy
GP9	Lewy
ITGA5	Lewy
GK2	Lewy
DBI	Lewy
FABP2	Lewy
FABP5	Lewy
MMP1	Lewy
ATP1B3	Lewy
KCNQ1	Lewy
SLC9A3	Lewy
COL11A1	Lewy
CELA3A	Lewy
ATP1B4	Lewy
CYP1A1	Lewy
GSTA2	Lewy
UGT1A3	Lewy
UGT1A4	Lewy
ADH4	Lewy
ALDH1A3	Lewy
C9	Lewy
UGT2B11	Lewy
CYP1B1	Lewy
CPA6	Lewy
GSTM3	Lewy
UGT2B10	Lewy
CYP2F1	Lewy
OR52K2	Lewy
OR4M2	Lewy
OR7A5	Lewy
OR5P2	Lewy
OR5B12	Lewy
OR2M5	Lewy
OR4A47	Lewy
OR6X1	Lewy
OR2M2	Lewy
OR10C1	Lewy
OR5AC2	Lewy
OR51Q1	Lewy
OR6N2	Lewy
OR12D3	Lewy
OR10Z1	Lewy
OR7G1	Lewy
OR8J1	Lewy
OR2B2	Lewy
AKR1C2	Lewy
CYP1A1	Lewy
UGT1A3	Lewy
HSD17B7	Lewy
UGT1A4	Lewy
C9	Lewy
UGT2B11	Lewy
UGT2B10	Lewy
PBX1	Obesity
FUS	Obesity
HIST1H3C	Obesity
TSPAN7	Obesity
EYA1	Obesity
UTY	Obesity
TRAF1	Obesity
ITGB7	Obesity
HIST1H3H	Obesity
PER2	Obesity
H3F3C	Obesity
SUPT3H	Obesity
NPBWR2	Obesity
GLRA2	Obesity
GALR1	Obesity
CSH2	Obesity
EDNRB	Obesity
TAAR1	Obesity
MTNR1A	Obesity
TAAR9	Obesity
CHRNA7	Obesity
GHSR	Obesity
ADRB3	Obesity
NPY5R	Obesity
NTSR2	Obesity
SDC2	Obesity
CLDN19	Obesity
MAL	Obesity
CNTN1	Obesity
SDC4	Obesity
NLGN4Y	Obesity
CLDN10	Obesity
ITGA4	Obesity
IFNA16	Obesity
CX3CR1	Obesity
TNFSF4	Obesity
CCL23	Obesity
CXCR3	Obesity
FAS	Obesity
IFNA4	Obesity
IL11RA	Obesity
AMH	Obesity
LEPR	Obesity
IL5	Obesity
BMP2	Obesity
CCR2	Obesity
IL19	Obesity
CCR8	Obesity
IL2	Obesity
CCL7	Obesity
CCL24	Obesity
TNFRSF9	Obesity
IFNA16	Obesity
PKN2	Obesity
CSH2	Obesity
COL9A3	Obesity
FGFR3	Obesity
ITGA7	Obesity
MYB	Obesity
IFNA4	Obesity
RELN	Obesity
PDPK2	Obesity
ITGB7	Obesity
TCL1B	Obesity
ITGA4	Obesity
IL2	Obesity
IFNA16	Obesity
SLK	Obesity
FAS	Obesity
IFNA4	Obesity
IL2	Obesity
NPR3	Obesity
ATP6V1G3	Obesity
PRKCA	Obesity
PDPK2	Obesity
SKP2	Obesity
DEPTOR	Obesity
RRAGD	Obesity
ADCY6	Obesity
EDNRB	Obesity
FGFR3	Obesity
FAS	Obesity
SKP2	Obesity
BMP2	Obesity
MSH3	Obesity
AR	Obesity
NXT2	Obesity
NMD3	Obesity
POP5	Obesity
POP1	Obesity
EIF3A	Obesity
SDS	Obesity
ITPR2	Obesity
PHKA2	Obesity
ADCY2	Obesity
CPEB2	Obesity
ADCY6	Obesity
SPDYE4	Obesity
ADCY4	Obesity
ATP6V1G3	Obesity
ITGAV	Obesity
CD36	Obesity
ATP6V0A4	Obesity
TUBB8	Obesity
HIST1H3C	Obesity
HIST1H2BB	Obesity
HIST1H2AC	Obesity
HIST1H2BM	Obesity
HIST1H4F	Obesity
HIST1H4E	Obesity
HIST1H3H	Obesity
H3F3C	Obesity
HSD17B6	Obesity
CYP2C9	Obesity
CYP2A6	Obesity
DHRS9	Obesity
SDC2	Obesity
CD36	Obesity
HBB	Obesity
MAL	Obesity
MS4A2	Obesity
IL11RA	Obesity
IL5	Obesity
CD36	Obesity
ITGA4	Obesity
CD1C	Obesity
LYZ	Obesity
ADCY6	Obesity
ITPR2	Obesity
ADRB3	Obesity
DMBT1	Obesity
ADCY4	Obesity
PNLIPRP2	Obesity
CELA3B	Obesity
ADCY6	Obesity
ITPR2	Obesity
SLC4A4	Obesity
TRPC1	Obesity
CLCA1	Obesity
ABCB4	Obesity
ADCY6	Obesity
SLC4A4	Obesity
SLCO1B7	Obesity
SLC51B	Obesity
SLC22A7	Obesity
HDAC2	Obesity
HIST1H3C	Obesity
SHC4	Obesity
HIST1H2BB	Obesity
HDAC3	Obesity
BDNF	Obesity
HIST1H2BM	Obesity
HIST1H4F	Obesity
HIST1H4E	Obesity
HIST1H2BE	Obesity
GRIN2C	Obesity
HIST1H3H	Obesity
H3F3C	Obesity
MT-ATP6	Obesity
ATP6V1G3	Obesity
NDUFB3	Obesity
ATP6V0A4	Obesity
NDUFB5	Obesity
GABRA2	Obesity
ADCY6	Obesity
GNAT3	Obesity
P2RY1	Obesity
ADCY4	Obesity
ATP6V1G3	Obesity
ATP6V0A4	Obesity
UNC13B	Obesity
ATP1A2	Obesity
CELA3B	Obesity
COL9A3	Obesity
SLC8A1	Obesity
CYP2U1	Obesity
CYP2C9	Obesity
PTGES	Obesity
EPHX2	Obesity
LTC4S	Obesity
PLA2G4C	Obesity
CYP2C9	Obesity
CYP2A6	Obesity
ADH5	Obesity
GSTO2	Obesity
GSTM3	Obesity
CYP2C9	Obesity
CYP2A6	Obesity
CYP2A13	Obesity
ADH5	Obesity
CBR1	Obesity
GSTO2	Obesity
GSTM3	Obesity
OR2L2	Obesity
OR5K4	Obesity
OR8A1	Obesity
OR10Q1	Obesity
OR6C2	Obesity
OR10G4	Obesity
GUCY2D	Obesity
OR5AN1	Obesity
CNGA4	Obesity
ARRB1	Obesity
OR6B2	Obesity
OR10S1	Obesity
OR6S1	Obesity
OR5M3	Obesity
OR4K17	Obesity
OR14I1	Obesity
OR51I2	Obesity
OR52R1	Obesity
OR2B2	Obesity
HSD17B6	Obesity
CYP7B1	Obesity
SULT1E1	Obesity
PPAP2B	Obesity
FABP1	Obesity
CD36	Obesity
GZMB	AD
PTCRA	AD
JUP	AD
GOLPH3	AD
NFKB1	AD
MMP3	AD
BCL2L1	AD
MYCN	AD
HIST1H3A	AD
ATF1	AD
ZEB1	AD
EWSR1	AD
AFF1	AD
ZNF32	AD
HTR1D	AD
F2RL3	AD
GALR2	AD
MTNR1B	AD
CGA	AD
ADORA1	AD
ADORA2A	AD
GLRA1	AD
DBI	AD
GABRQ	AD
ADRA1A	AD
GRM6	AD
S1PR3	AD
GHR	AD
NMUR2	AD
P2RY10	AD
P2RX3	AD
RXFP3	AD
PRSS1	AD
GABRR2	AD
CDH4	AD
LRRC4B	AD
ICAM2	AD
CLDN7	AD
CLDN4	AD
HLA-DQA2	AD
HLA-C	AD
CLDN14	AD
ICAM1	AD
ITGA8	AD
CLDN8	AD
CD2	AD
CDH1	AD
PIK3R3	AD
RASSF3	AD
EZR	AD
PIK3CD	AD
MAPK11	AD
MYLPF	AD
CLDN14	AD
PIK3R2	AD
ICAM1	AD
VAV3	AD
MYL10	AD
CXCR4	AD
IL9R	AD
IL2RG	AD
SCYL1	AD
IL3	AD
CCL23	AD
TNFRSF25	AD
FLT3LG	AD
IL7	AD
TNFRSF19	AD
CRLF2	AD
CCRL1	AD
FLT1	AD
TSLP	AD
TNF	AD
XCR1	AD
TNFRSF4	AD
GHR	AD
PDGFRB	AD
IL15	AD
EDA	AD
CXCR4	AD
IFNA8	AD
CCL24	AD
IL20RA	AD
ITGB6	AD
PIK3R3	AD
RPS6KB2	AD
IL2RG	AD
GNGT2	AD
COL6A2	AD
IL3	AD
GYS2	AD
COL6A3	AD
ANGPT1	AD
ITGA3	AD
THBS4	AD
CHUK	AD
COL6A1	AD
IL7	AD
FGF7	AD
ITGA2B	AD
MAPK3	AD
GHR	AD
PIK3R2	AD
ITGA8	AD
FGF18	AD
IFNA8	AD
COL9A2	AD
G6PC2	AD
DDIT4	AD
GZMB	AD
PIK3R3	AD
KLRD1	AD
KLRC3	AD
SH2D1B	AD
PPP3CC	AD
RAET1G	AD
PIK3CD	AD
VAV2	AD
HLA-C	AD
KIR2DL3	AD
TNF	AD
MAPK3	AD
SHC2	AD
PIK3R2	AD
ICAM1	AD
VAV3	AD
IFNA8	AD
NXT2	AD
PIK3R3	AD
BCL2L2-PABPN1	AD
DDX58	AD
TICAM1	AD
HLA-DQA2	AD
HSPA2	AD
AKT1	AD
PIK3CD	AD
C7	AD
TNF	AD
NFKBIA	AD
MAPK3	AD
FURIN	AD
PIK3R2	AD
FDPS	AD
PRSS1	AD
IFNA8	AD
GZMB	AD
CGA	AD
IFNA2	AD
HLA-DQA2	AD
IL10	AD
HLA-C	AD
HLA-E	AD
HLA-DPB1	AD
IFNA8	AD
TG	AD
PIK3R3	AD
F2RL3	AD
WNT7A	AD
JUP	AD
GNGT2	AD
WNT9B	AD
NFKB1	AD
GLI2	AD
ITGA3	AD
RASSF3	AD
AKT1	AD
FLT3LG	AD
E2F2	AD
BIRC3	AD
STK36	AD
GLI1	AD
ITGA2B	AD
NFKBIA	AD
MAPK3	AD
PIK3R2	AD
FGF18	AD
CKS1B	AD
CXCR4	AD
GUCY2F	AD
GNAT2	AD
PCK1	AD
PFKP	AD
ADH4	AD
ADH1B	AD
ALDH1A3	AD
ALDH3B1	AD
G6PC2	AD
PIK3R3	AD
CDC25B	AD
RPS6KA2	AD
PIK3CA	AD
AKT1	AD
SPDYE1	AD
SPDYA	AD
PIK3CD	AD
PIK3R2	AD
CCNB3	AD
ANAPC11	AD
PIK3R3	AD
CHEK1	AD
NFKB1	AD
RBPJL	AD
PIK3CD	AD
DDX3X	AD
HLA-C	AD
GSN	AD
NFKBIA	AD
MAPK3	AD
RBL1	AD
PIK3R2	AD
CDC20	AD
HPN	AD
H2AFB3	AD
H2AFZ	AD
HLA-DQA2	AD
IL10	AD
TRIM21	AD
HIST1H2AB	AD
TNF	AD
HLA-DPB1	AD
HIST1H2AD	AD
HIST1H2BD	AD
C4B	AD
H2AFB2	AD
CGA	AD
CYP1A1	AD
INS	AD
ADCY5	AD
HSD3B2	AD
LHB	AD
ADCY9	AD
ATP2A3	AD
ATP1B3	AD
ATP2B4	AD
PNLIP	AD
CELA2B	AD
CLCA2	AD
CPB2	AD
RAB8A	AD
CLCA4	AD
PLA2G2C	AD
ADCY5	AD
PLA2G12A	AD
PLA2G12B	AD
TPCN2	AD
CELA3A	AD
PRSS1	AD
ADCY9	AD
SLC2A1	AD
RXRA	AD
ATP1B3	AD
CYP3A4	AD
ADCY5	AD
SLCO1A2	AD
UGT2B11	AD
SLCO1B7	AD
ADCY9	AD
CYP2D6	AD
HTR1D	AD
VAT1	AD
GNGT2	AD
ADCY5	AD
KCNJ5	AD
DUSP1	AD
DDC	AD
MAPK3	AD
GNAS	AD
CACNA1C	AD
SLC18A2	AD
PPP1CC	AD
H2AFB3	AD
GNG10	AD
VAT1	AD
GNGT2	AD
FOSB	AD
ADORA2A	AD
HIST1H3A	AD
SLC29A1	AD
HIST1H2AB	AD
MAOB	AD
MAPK3	AD
SHC2	AD
GNAS	AD
HIST1H2AD	AD
SLC18A2	AD
H2AFB2	AD
GYS2	AD
PGM2	AD
UGT2B11	AD
HK2	AD
UGT2B15	AD
G6PC2	AD
ENPP1	AD
PROC	AD
F2RL3	AD
CPB2	AD
F9	AD
C4BPA	AD
SERPINC1	AD
APC	AD
F13B	AD
SERPINA5	AD
TF	AD
SERPIND1	AD
C4B	AD
F10	AD
PDE1C	AD
HTR1D	AD
ADCY8	AD
BNC1	AD
TAS2R7	AD
TAS2R30	AD
TRPM5	AD
ITPR3	AD
SCNN1G	AD
TAS2R1	AD
TAS1R3	AD
P2RX3	AD
RXRA	AD
PCK1	AD
ILK	AD
GK2	AD
CPT1B	AD
DBI	AD
SCD	AD
APOC3	AD
PCK2	AD
CYP7A1	AD
ACADL	AD
CYP1A1	AD
AOX1	AD
HADH	AD
KYNU	AD
MAOB	AD
ABP1	AD
ASMT	AD
ATP1B3	AD
PIK3R3	AD
ATP1A2	AD
SLC37A4	AD
AKT2	AD
AKT1	AD
PIK3CD	AD
PIK3R2	AD
HK2	AD
G6PC2	AD
ATP1B3	AD
CELA2B	AD
CPB2	AD
COL6A2	AD
COL6A3	AD
COL6A1	AD
COL5A3	AD
COL27A1	AD
SLC38A2	AD
CELA3A	AD
PRSS1	AD
COL9A2	AD
COL21A1	AD
PLA2G2F	AD
GPX2	AD
GGT1	AD
PLA2G2C	AD
GPX1	AD
PTGES	AD
ALOX15B	AD
PTGS1	AD
PLA2G12A	AD
PLA2G12B	AD
CBS	AD
IL4I1	AD
AMD1	AD
CYP2D6	AD
CYP3A4	AD
CYP1A1	AD
CYP2A13	AD
ADH4	AD
ADH1B	AD
ALDH3B1	AD
UGT2B11	AD
GSTM3	AD
UGT2B15	AD
CYP2F1	AD
MGST3	AD
CYP3A5	AD
CYP2D6	AD
CYP3A4	AD
AOX1	AD
ADH4	AD
ADH1B	AD
MAOB	AD
ALDH3B1	AD
UGT2B11	AD
UGT2B15	AD
MGST3	AD
CYP3A5	AD
AKR1C2	AD
CYP3A4	AD
CYP1A1	AD
ADH4	AD
ADH1B	AD
ALDH3B1	AD
UGT2B11	AD
GSTM3	AD
UGT2B15	AD
MGST3	AD
CYP3A5	AD
PLA2G2F	AD
CYP3A4	AD
PLA2G2C	AD
PLA2G12A	AD
PLA2G12B	AD
GATM	AD
CKB	AD
NOS3	AD
AMD1	AD
LAP3	AD
SMO	AD
MAOB	AD
PRODH	AD
ABP1	AD
ARG2	AD
OR2D2	AD
OR51S1	AD
OR5K4	AD
OR8A1	AD
OR1D5	AD
OR51M1	AD
OR4N2	AD
OR2T33	AD
OR51A4	AD
OR7A5	AD
OR5B12	AD
OR11H6	AD
OR2M5	AD
CAMK2G	AD
CNGA2	AD
OR10H3	AD
ARRB1	AD
OR51F2	AD
OR1L4	AD
OR4C11	AD
OR2M2	AD
OR52D1	AD
OR5D18	AD
OR4F17	AD
OR51Q1	AD
OR6N2	AD
OR2G2	AD
OR7C1	AD
PRKG1	AD
OR2T12	AD
OR51I2	AD
OR6C1	AD
OR6M1	AD
OR1N1	AD
OR1A2	AD
OR51B6	AD
HSD11B2	AD
CYP3A4	AD
CYP1A1	AD
CPN2	AD
HSD17B7	AD
HSD17B2	AD
HSD11B1	AD
CPS1	AD
SRD5A2	AD
UGT2B11	AD
UGT2B15	AD
CYP3A5	AD
CNDP1	AD
HNMT	AD
DDC	AD
ALDH3B1	AD
ABP1	AD
PLA2G2F	AD
FADS2	AD
PLA2G2C	AD
PLA2G12A	AD
PLA2G12B	AD
ACAA1	AD
PNLIP	AD
PLA2G2F	AD
APOA4	AD
FAP	AD
PLA2G2C	AD
MTTP	AD
SCARB1	AD
PLA2G12B	AD
DGAT1	AD
PPAP2C	AD
PPAP2A	AD
NAT1	MCI
UGT1A3	MCI
UMPS	MCI
UGT2A1	MCI
ITPA	MCI
UGT1A8	MCI
IMPDH2	MCI
GMPS	MCI
HDAC2	MCI
HIST1H3C	MCI
HIST1H3B	MCI
CCNT1	MCI
IL2RB	MCI
WT1	MCI
IGFBP3	MCI
ELANE	MCI
GPR50	MCI
BRS3	MCI
GH2	MCI
CTSG	MCI
PPYR1	MCI
TACR2	MCI
GH1	MCI
LEP	MCI
NOP9	MCI
CHRND	MCI
LHCGR	MCI
RXFP2	MCI
CHRNB3	MCI
TRHR	MCI
PLG	MCI
WNT5B	MCI
MYF5	MCI
OTX1	MCI
WNT3A	MCI
FZD10	MCI
WNT10A	MCI
WNT7B	MCI
CLDN25	MCI
CLDN17	MCI
IFNA17	MCI
CLDN25	MCI
IFNA4	MCI
CLDN17	MCI
IFNA10	MCI
IFNA5	MCI
IFIT1B	MCI
CCL11	MCI
IFNA17	MCI
TNFRSF18	MCI
GH2	MCI
CCL25	MCI
CCR4	MCI
CXCR1	MCI
PF4V1	MCI
IFNA4	MCI
GH1	MCI
IL2RB	MCI
IFNA10	MCI
IFNGR1	MCI
TNFRSF13C	MCI
IFNA5	MCI
IL19	MCI
EGF	MCI
IL2RA	MCI
VEGFC	MCI
IFNA17	MCI
VWF	MCI
GH2	MCI
IFNA4	MCI
GH1	MCI
EFNA2	MCI
IL2RB	MCI
IFNA10	MCI
IFNA5	MCI
EGF	MCI
IL2RA	MCI
FGF5	MCI
IFNA17	MCI
GH2	MCI
IFNA4	MCI
GH1	MCI
IL2RB	MCI
LEP	MCI
IFNA10	MCI
IFNGR1	MCI
IFNA5	MCI
IL19	MCI
IL2RA	MCI
IFNA17	MCI
KLRC4-KLRK1	MCI
IFNA4	MCI
IFNA10	MCI
KLRC2	MCI
IFNA5	MCI
PLCG2	MCI
NEUROD1	MCI
ACSM2B	MCI
ACSM3	MCI
ECHS1	MCI
EHHADH	MCI
OXCT2	MCI
ACAT1	MCI
EIF3D	MCI
EIF4EBP3	MCI
WIBG	MCI
NMD3	MCI
POP5	MCI
EIF2B3	MCI
NCBP1	MCI
EIF3C	MCI
MAGOHB	MCI
EIF3CL	MCI
NXF2	MCI
NUP210	MCI
GEMIN2	MCI
EIF3F	MCI
RNU6-1	MCI
RGP1	MCI
HDAC2	MCI
PRKACG	MCI
CCR4	MCI
HIST1H2BM	MCI
H2BFM	MCI
CREB3L1	MCI
HIST1H2BC	MCI
HIST1H4B	MCI
CREB3L4	MCI
HIST1H2BG	MCI
HIST1H2AL	MCI
HIST1H3C	MCI
SNRPD1	MCI
CTSG	MCI
HIST1H3B	MCI
HIST1H2BM	MCI
H2BFM	MCI
HIST1H2AE	MCI
HIST1H4B	MCI
HIST1H4C	MCI
HIST1H2BG	MCI
LYZ	MCI
CAMP	MCI
PRKACG	MCI
AMY1A	MCI
MUC7	MCI
PLA2G2E	MCI
CFTR	MCI
SCTR	MCI
CLCA1	MCI
PRKACG	MCI
FH	MCI
ABCG5	MCI
NR0B2	MCI
HDAC2	MCI
HIST1H2AL	MCI
HIST1H3C	MCI
HIST1H3B	MCI
H2BFM	MCI
HIST1H2AE	MCI
CREB3L1	MCI
HIST1H4C	MCI
CREB3L4	MCI
HIST1H2BG	MCI
ALAS2	MCI
PGAM4	MCI
SDSL	MCI
SHMT2	MCI
GCAT	MCI
GLDC	MCI
BPGM	MCI
FAH	MCI
ATR	MCI
ATRIP	MCI
RAD51C	MCI
POLI	MCI
TAS2R40	MCI
PRKACG	MCI
SCNN1B	MCI
GABRA6	MCI
TAS2R13	MCI
TAS2R14	MCI
CLGN	MCI
FABP6	MCI
EHHADH	MCI
PGA5	MCI
KCNK5	MCI
SLC15A1	MCI
COL10A1	MCI
SLC6A19	MCI
CPA2	MCI
GSTM4	MCI
UGT1A3	MCI
GSTA3	MCI
UGT2A1	MCI
UGT1A8	MCI
SULT1A4	MCI
NAT1	MCI
GSTM4	MCI
UGT1A3	MCI
GSTA3	MCI
UGT2A1	MCI
SULT1A1	MCI
UGT1A8	MCI
NAT2	MCI
PRKG2	MCI
OR5M8	MCI
OR10AG1	MCI
OR2T6	MCI
OR4M2	MCI
PRKACG	MCI
OR10A3	MCI
OR5K3	MCI
OR3A2	MCI
OR52N1	MCI
OR1J4	MCI
OR5D14	MCI
OR52A1	MCI
OR2B3	MCI
OR1A1	MCI
OR5M1	MCI
OR2M4	MCI
OR5T3	MCI
OR8I2	MCI
OR14J1	MCI
OR4L1	MCI
OR2T2	MCI
OR2A25	MCI
OR1D4	MCI
OR7G1	MCI
OR13C3	MCI
OR10G2	MCI
OR2B2	MCI
CYP11A1	MCI
CYP11B1	MCI
STS	MCI
UGT1A3	MCI
UGT2A1	MCI
AKR1D1	MCI
UGT1A8	MCI
SULT1E1	MCI
